2026-08-15 10:27:13 INFO  com.journalApp.JournalAppApplication - Starting JournalAppApplication using Java 21.0.4 on SHAHID with PID 2040 (C:\Users\MD SHAHID ANSARI\IdeaProjects\journalApp\journalApp\target\classes started by MD SHAHID ANSARI in C:\Users\MD SHAHID ANSARI\IdeaProjects\journalApp)
2026-08-15 10:27:13 INFO  com.journalApp.JournalAppApplication - The following 1 profile is active: "dev"
2026-08-15 10:27:14 INFO  o.s.d.r.c.RepositoryConfigurationDelegate - Bootstrapping Spring Data MongoDB repositories in DEFAULT mode.
2026-08-15 10:27:14 INFO  o.s.d.r.c.RepositoryConfigurationDelegate - Finished Spring Data repository scanning in 57 ms. Found 2 MongoDB repository interfaces.
2026-08-15 10:27:15 INFO  o.s.b.w.e.tomcat.TomcatWebServer - Tomcat initialized with port(s): 8080 (http)
2026-08-15 10:27:15 INFO  o.a.coyote.http11.Http11NioProtocol - Initializing ProtocolHandler ["http-nio-8080"]
2026-08-15 10:27:15 INFO  o.a.catalina.core.StandardService - Starting service [Tomcat]
2026-08-15 10:27:15 INFO  o.a.catalina.core.StandardEngine - Starting Servlet engine: [Apache Tomcat/9.0.83]
2026-08-15 10:27:15 INFO  o.a.c.c.C.[Tomcat].[localhost].[/] - Initializing Spring embedded WebApplicationContext
2026-08-15 10:27:15 INFO  o.s.b.w.s.c.ServletWebServerApplicationContext - Root WebApplicationContext: initialization completed in 1682 ms
2026-08-15 10:27:15 INFO  org.mongodb.driver.client - MongoClient with metadata {"driver": {"name": "mongo-java-driver|sync|spring-boot", "version": "4.6.1"}, "os": {"type": "Windows", "name": "Windows 11", "architecture": "amd64", "version": "10.0"}, "platform": "Java/Oracle Corporation/21.0.4+8-LTS-274"} created with settings MongoClientSettings{readPreference=primary, writeConcern=WriteConcern{w=null, wTimeout=null ms, journal=null}, retryWrites=true, retryReads=true, readConcern=ReadConcern{level=null}, credential=null, streamFactoryFactory=null, commandListeners=[], codecRegistry=ProvidersCodecRegistry{codecProviders=[ValueCodecProvider{}, BsonValueCodecProvider{}, DBRefCodecProvider{}, DBObjectCodecProvider{}, DocumentCodecProvider{}, IterableCodecProvider{}, MapCodecProvider{}, GeoJsonCodecProvider{}, GridFSFileCodecProvider{}, Jsr310CodecProvider{}, JsonObjectCodecProvider{}, BsonCodecProvider{}, EnumCodecProvider{}, com.mongodb.Jep395RecordCodecProvider@1f95881a]}, clusterSettings={hosts=[localhost:27017], srvServiceName=mongodb, mode=SINGLE, requiredClusterType=UNKNOWN, requiredReplicaSetName='null', serverSelector='null', clusterListeners='[]', serverSelectionTimeout='30000 ms', localThreshold='30000 ms'}, socketSettings=SocketSettings{connectTimeoutMS=10000, readTimeoutMS=0, receiveBufferSize=0, sendBufferSize=0}, heartbeatSocketSettings=SocketSettings{connectTimeoutMS=10000, readTimeoutMS=10000, receiveBufferSize=0, sendBufferSize=0}, connectionPoolSettings=ConnectionPoolSettings{maxSize=100, minSize=0, maxWaitTimeMS=120000, maxConnectionLifeTimeMS=0, maxConnectionIdleTimeMS=0, maintenanceInitialDelayMS=0, maintenanceFrequencyMS=60000, connectionPoolListeners=[], maxConnecting=2}, serverSettings=ServerSettings{heartbeatFrequencyMS=10000, minHeartbeatFrequencyMS=500, serverListeners='[]', serverMonitorListeners='[]'}, sslSettings=SslSettings{enabled=false, invalidHostNameAllowed=false, context=null}, applicationName='null', compressorList=[], uuidRepresentation=JAVA_LEGACY, serverApi=null, autoEncryptionSettings=null, contextProvider=null}
2026-08-15 10:27:15 INFO  org.mongodb.driver.connection - Opened connection [connectionId{localValue:2, serverValue:67}] to localhost:27017
2026-08-15 10:27:15 INFO  org.mongodb.driver.connection - Opened connection [connectionId{localValue:1, serverValue:68}] to localhost:27017
2026-08-15 10:27:15 INFO  org.mongodb.driver.cluster - Monitor thread successfully connected to server with description ServerDescription{address=localhost:27017, type=STANDALONE, state=CONNECTED, ok=true, minWireVersion=0, maxWireVersion=25, maxDocumentSize=16777216, logicalSessionTimeoutMinutes=30, roundTripTimeNanos=34561200}
2026-08-15 10:27:16 INFO  o.s.s.web.DefaultSecurityFilterChain - Will secure any request with [org.springframework.security.web.session.DisableEncodeUrlFilter@7a3f08b6, org.springframework.security.web.context.request.async.WebAsyncManagerIntegrationFilter@1be52861, org.springframework.security.web.context.SecurityContextPersistenceFilter@ceb7701, org.springframework.security.web.header.HeaderWriterFilter@78d92eef, org.springframework.security.web.authentication.logout.LogoutFilter@6c2a95d5, org.springframework.security.web.authentication.www.BasicAuthenticationFilter@55d8c2c4, org.springframework.security.web.savedrequest.RequestCacheAwareFilter@106c988, org.springframework.security.web.servletapi.SecurityContextHolderAwareRequestFilter@4d4c1ba9, org.springframework.security.web.authentication.AnonymousAuthenticationFilter@5fb5ad40, org.springframework.security.web.session.SessionManagementFilter@55a0f011, org.springframework.security.web.access.ExceptionTranslationFilter@34c76167, org.springframework.security.web.access.intercept.FilterSecurityInterceptor@3be3e76c]
2026-08-15 10:27:16 INFO  o.a.coyote.http11.Http11NioProtocol - Starting ProtocolHandler ["http-nio-8080"]
2026-08-15 10:27:16 INFO  o.s.b.w.e.tomcat.TomcatWebServer - Tomcat started on port(s): 8080 (http) with context path ''
2026-08-15 10:27:16 INFO  com.journalApp.JournalAppApplication - Started JournalAppApplication in 4.04 seconds (JVM running for 4.812)
2026-08-15 10:27:26 INFO  o.a.c.c.C.[Tomcat].[localhost].[/] - Initializing Spring DispatcherServlet 'dispatcherServlet'
2026-08-15 10:27:26 INFO  o.s.web.servlet.DispatcherServlet - Initializing Servlet 'dispatcherServlet'
2026-08-15 10:27:26 INFO  o.s.web.servlet.DispatcherServlet - Completed initialization in 2 ms
2026-08-15 10:27:27 INFO  org.mongodb.driver.connection - Opened connection [connectionId{localValue:3, serverValue:69}] to localhost:27017
2026-08-15 10:31:40 INFO  com.journalApp.JournalAppApplication - Starting JournalAppApplication using Java 21.0.4 on SHAHID with PID 11956 (C:\Users\MD SHAHID ANSARI\IdeaProjects\journalApp\journalApp\target\classes started by MD SHAHID ANSARI in C:\Users\MD SHAHID ANSARI\IdeaProjects\journalApp)
2026-08-15 10:31:40 INFO  com.journalApp.JournalAppApplication - The following 1 profile is active: "dev"
2026-08-15 10:31:42 INFO  o.s.d.r.c.RepositoryConfigurationDelegate - Bootstrapping Spring Data MongoDB repositories in DEFAULT mode.
2026-08-15 10:31:42 INFO  o.s.d.r.c.RepositoryConfigurationDelegate - Finished Spring Data repository scanning in 94 ms. Found 2 MongoDB repository interfaces.
2026-08-15 10:31:43 INFO  o.s.b.w.e.tomcat.TomcatWebServer - Tomcat initialized with port(s): 8080 (http)
2026-08-15 10:31:43 INFO  o.a.coyote.http11.Http11NioProtocol - Initializing ProtocolHandler ["http-nio-8080"]
2026-08-15 10:31:43 INFO  o.a.catalina.core.StandardService - Starting service [Tomcat]
2026-08-15 10:31:43 INFO  o.a.catalina.core.StandardEngine - Starting Servlet engine: [Apache Tomcat/9.0.83]
2026-08-15 10:31:43 INFO  o.a.c.c.C.[Tomcat].[localhost].[/] - Initializing Spring embedded WebApplicationContext
2026-08-15 10:31:43 INFO  o.s.b.w.s.c.ServletWebServerApplicationContext - Root WebApplicationContext: initialization completed in 2161 ms
2026-08-15 10:31:43 INFO  org.mongodb.driver.client - MongoClient with metadata {"driver": {"name": "mongo-java-driver|sync|spring-boot", "version": "4.6.1"}, "os": {"type": "Windows", "name": "Windows 11", "architecture": "amd64", "version": "10.0"}, "platform": "Java/Oracle Corporation/21.0.4+8-LTS-274"} created with settings MongoClientSettings{readPreference=primary, writeConcern=WriteConcern{w=null, wTimeout=null ms, journal=null}, retryWrites=true, retryReads=true, readConcern=ReadConcern{level=null}, credential=null, streamFactoryFactory=null, commandListeners=[], codecRegistry=ProvidersCodecRegistry{codecProviders=[ValueCodecProvider{}, BsonValueCodecProvider{}, DBRefCodecProvider{}, DBObjectCodecProvider{}, DocumentCodecProvider{}, IterableCodecProvider{}, MapCodecProvider{}, GeoJsonCodecProvider{}, GridFSFileCodecProvider{}, Jsr310CodecProvider{}, JsonObjectCodecProvider{}, BsonCodecProvider{}, EnumCodecProvider{}, com.mongodb.Jep395RecordCodecProvider@1f95881a]}, clusterSettings={hosts=[localhost:27017], srvServiceName=mongodb, mode=SINGLE, requiredClusterType=UNKNOWN, requiredReplicaSetName='null', serverSelector='null', clusterListeners='[]', serverSelectionTimeout='30000 ms', localThreshold='30000 ms'}, socketSettings=SocketSettings{connectTimeoutMS=10000, readTimeoutMS=0, receiveBufferSize=0, sendBufferSize=0}, heartbeatSocketSettings=SocketSettings{connectTimeoutMS=10000, readTimeoutMS=10000, receiveBufferSize=0, sendBufferSize=0}, connectionPoolSettings=ConnectionPoolSettings{maxSize=100, minSize=0, maxWaitTimeMS=120000, maxConnectionLifeTimeMS=0, maxConnectionIdleTimeMS=0, maintenanceInitialDelayMS=0, maintenanceFrequencyMS=60000, connectionPoolListeners=[], maxConnecting=2}, serverSettings=ServerSettings{heartbeatFrequencyMS=10000, minHeartbeatFrequencyMS=500, serverListeners='[]', serverMonitorListeners='[]'}, sslSettings=SslSettings{enabled=false, invalidHostNameAllowed=false, context=null}, applicationName='null', compressorList=[], uuidRepresentation=JAVA_LEGACY, serverApi=null, autoEncryptionSettings=null, contextProvider=null}
2026-08-15 10:31:43 INFO  org.mongodb.driver.connection - Opened connection [connectionId{localValue:2, serverValue:70}] to localhost:27017
2026-08-15 10:31:43 INFO  org.mongodb.driver.connection - Opened connection [connectionId{localValue:1, serverValue:71}] to localhost:27017
2026-08-15 10:31:43 INFO  org.mongodb.driver.cluster - Monitor thread successfully connected to server with description ServerDescription{address=localhost:27017, type=STANDALONE, state=CONNECTED, ok=true, minWireVersion=0, maxWireVersion=25, maxDocumentSize=16777216, logicalSessionTimeoutMinutes=30, roundTripTimeNanos=37045600}
2026-08-15 10:31:44 INFO  o.s.s.web.DefaultSecurityFilterChain - Will secure any request with [org.springframework.security.web.session.DisableEncodeUrlFilter@1be52861, org.springframework.security.web.context.request.async.WebAsyncManagerIntegrationFilter@5fb5ad40, org.springframework.security.web.context.SecurityContextPersistenceFilter@ceb7701, org.springframework.security.web.header.HeaderWriterFilter@78d92eef, org.springframework.security.web.authentication.logout.LogoutFilter@6c2a95d5, org.springframework.security.web.authentication.www.BasicAuthenticationFilter@798cf6d2, org.springframework.security.web.savedrequest.RequestCacheAwareFilter@106c988, org.springframework.security.web.servletapi.SecurityContextHolderAwareRequestFilter@4d4c1ba9, org.springframework.security.web.authentication.AnonymousAuthenticationFilter@615439f7, org.springframework.security.web.session.SessionManagementFilter@55a0f011, org.springframework.security.web.access.ExceptionTranslationFilter@34c76167, org.springframework.security.web.access.intercept.FilterSecurityInterceptor@6c07ad6b]
2026-08-15 10:31:44 INFO  o.a.coyote.http11.Http11NioProtocol - Starting ProtocolHandler ["http-nio-8080"]
2026-08-15 10:31:44 INFO  o.s.b.w.e.tomcat.TomcatWebServer - Tomcat started on port(s): 8080 (http) with context path ''
2026-08-15 10:31:44 INFO  com.journalApp.JournalAppApplication - Started JournalAppApplication in 4.536 seconds (JVM running for 5.53)
2026-08-15 10:31:56 INFO  o.a.c.c.C.[Tomcat].[localhost].[/] - Initializing Spring DispatcherServlet 'dispatcherServlet'
2026-08-15 10:31:56 INFO  o.s.web.servlet.DispatcherServlet - Initializing Servlet 'dispatcherServlet'
2026-08-15 10:31:56 INFO  o.s.web.servlet.DispatcherServlet - Completed initialization in 2 ms
2026-08-15 10:32:15 INFO  org.mongodb.driver.connection - Opened connection [connectionId{localValue:3, serverValue:72}] to localhost:27017
2026-08-15 10:39:18 INFO  com.journalApp.JournalAppApplication - Starting JournalAppApplication using Java 21.0.4 on SHAHID with PID 17140 (C:\Users\MD SHAHID ANSARI\IdeaProjects\journalApp\journalApp\target\classes started by MD SHAHID ANSARI in C:\Users\MD SHAHID ANSARI\IdeaProjects\journalApp)
2026-08-15 10:39:18 INFO  com.journalApp.JournalAppApplication - The following 1 profile is active: "dev"
2026-08-15 10:39:19 INFO  o.s.d.r.c.RepositoryConfigurationDelegate - Bootstrapping Spring Data MongoDB repositories in DEFAULT mode.
2026-08-15 10:39:19 INFO  o.s.d.r.c.RepositoryConfigurationDelegate - Finished Spring Data repository scanning in 88 ms. Found 2 MongoDB repository interfaces.
2026-08-15 10:39:20 INFO  o.s.b.w.e.tomcat.TomcatWebServer - Tomcat initialized with port(s): 8080 (http)
2026-08-15 10:39:20 INFO  o.a.coyote.http11.Http11NioProtocol - Initializing ProtocolHandler ["http-nio-8080"]
2026-08-15 10:39:20 INFO  o.a.catalina.core.StandardService - Starting service [Tomcat]
2026-08-15 10:39:20 INFO  o.a.catalina.core.StandardEngine - Starting Servlet engine: [Apache Tomcat/9.0.83]
2026-08-15 10:39:20 INFO  o.a.c.c.C.[Tomcat].[localhost].[/] - Initializing Spring embedded WebApplicationContext
2026-08-15 10:39:20 INFO  o.s.b.w.s.c.ServletWebServerApplicationContext - Root WebApplicationContext: initialization completed in 1946 ms
2026-08-15 10:39:21 INFO  org.mongodb.driver.client - MongoClient with metadata {"driver": {"name": "mongo-java-driver|sync|spring-boot", "version": "4.6.1"}, "os": {"type": "Windows", "name": "Windows 11", "architecture": "amd64", "version": "10.0"}, "platform": "Java/Oracle Corporation/21.0.4+8-LTS-274"} created with settings MongoClientSettings{readPreference=primary, writeConcern=WriteConcern{w=null, wTimeout=null ms, journal=null}, retryWrites=true, retryReads=true, readConcern=ReadConcern{level=null}, credential=null, streamFactoryFactory=null, commandListeners=[], codecRegistry=ProvidersCodecRegistry{codecProviders=[ValueCodecProvider{}, BsonValueCodecProvider{}, DBRefCodecProvider{}, DBObjectCodecProvider{}, DocumentCodecProvider{}, IterableCodecProvider{}, MapCodecProvider{}, GeoJsonCodecProvider{}, GridFSFileCodecProvider{}, Jsr310CodecProvider{}, JsonObjectCodecProvider{}, BsonCodecProvider{}, EnumCodecProvider{}, com.mongodb.Jep395RecordCodecProvider@6c8f60f3]}, clusterSettings={hosts=[localhost:27017], srvServiceName=mongodb, mode=SINGLE, requiredClusterType=UNKNOWN, requiredReplicaSetName='null', serverSelector='null', clusterListeners='[]', serverSelectionTimeout='30000 ms', localThreshold='30000 ms'}, socketSettings=SocketSettings{connectTimeoutMS=10000, readTimeoutMS=0, receiveBufferSize=0, sendBufferSize=0}, heartbeatSocketSettings=SocketSettings{connectTimeoutMS=10000, readTimeoutMS=10000, receiveBufferSize=0, sendBufferSize=0}, connectionPoolSettings=ConnectionPoolSettings{maxSize=100, minSize=0, maxWaitTimeMS=120000, maxConnectionLifeTimeMS=0, maxConnectionIdleTimeMS=0, maintenanceInitialDelayMS=0, maintenanceFrequencyMS=60000, connectionPoolListeners=[], maxConnecting=2}, serverSettings=ServerSettings{heartbeatFrequencyMS=10000, minHeartbeatFrequencyMS=500, serverListeners='[]', serverMonitorListeners='[]'}, sslSettings=SslSettings{enabled=false, invalidHostNameAllowed=false, context=null}, applicationName='null', compressorList=[], uuidRepresentation=JAVA_LEGACY, serverApi=null, autoEncryptionSettings=null, contextProvider=null}
2026-08-15 10:39:21 INFO  org.mongodb.driver.connection - Opened connection [connectionId{localValue:1, serverValue:74}] to localhost:27017
2026-08-15 10:39:21 INFO  org.mongodb.driver.connection - Opened connection [connectionId{localValue:2, serverValue:73}] to localhost:27017
2026-08-15 10:39:21 INFO  org.mongodb.driver.cluster - Monitor thread successfully connected to server with description ServerDescription{address=localhost:27017, type=STANDALONE, state=CONNECTED, ok=true, minWireVersion=0, maxWireVersion=25, maxDocumentSize=16777216, logicalSessionTimeoutMinutes=30, roundTripTimeNanos=45265400}
2026-08-15 10:39:22 INFO  o.s.s.web.DefaultSecurityFilterChain - Will secure any request with [org.springframework.security.web.session.DisableEncodeUrlFilter@77c66a4f, org.springframework.security.web.context.request.async.WebAsyncManagerIntegrationFilter@649b5891, org.springframework.security.web.context.SecurityContextPersistenceFilter@55a0f011, org.springframework.security.web.header.HeaderWriterFilter@559991f5, org.springframework.security.web.authentication.logout.LogoutFilter@226d5af0, org.springframework.security.web.authentication.www.BasicAuthenticationFilter@7ac5b4c, org.springframework.security.web.savedrequest.RequestCacheAwareFilter@39133244, org.springframework.security.web.servletapi.SecurityContextHolderAwareRequestFilter@76a362a4, org.springframework.security.web.authentication.AnonymousAuthenticationFilter@7a3f08b6, org.springframework.security.web.session.SessionManagementFilter@27e199ce, org.springframework.security.web.access.ExceptionTranslationFilter@48499739, org.springframework.security.web.access.intercept.FilterSecurityInterceptor@20bb85b4]
2026-08-15 10:39:22 INFO  o.a.coyote.http11.Http11NioProtocol - Starting ProtocolHandler ["http-nio-8080"]
2026-08-15 10:39:22 INFO  o.s.b.w.e.tomcat.TomcatWebServer - Tomcat started on port(s): 8080 (http) with context path ''
2026-08-15 10:39:22 INFO  com.journalApp.JournalAppApplication - Started JournalAppApplication in 4.519 seconds (JVM running for 5.653)
2026-08-15 10:39:29 INFO  o.a.c.c.C.[Tomcat].[localhost].[/] - Initializing Spring DispatcherServlet 'dispatcherServlet'
2026-08-15 10:39:29 INFO  o.s.web.servlet.DispatcherServlet - Initializing Servlet 'dispatcherServlet'
2026-08-15 10:39:29 INFO  o.s.web.servlet.DispatcherServlet - Completed initialization in 2 ms
2026-08-15 10:40:45 INFO  org.mongodb.driver.connection - Opened connection [connectionId{localValue:3, serverValue:75}] to localhost:27017
2026-08-15 10:43:08 INFO  com.journalApp.JournalAppApplication - Starting JournalAppApplication using Java 21.0.4 on SHAHID with PID 12384 (C:\Users\MD SHAHID ANSARI\IdeaProjects\journalApp\journalApp\target\classes started by MD SHAHID ANSARI in C:\Users\MD SHAHID ANSARI\IdeaProjects\journalApp)
2026-08-15 10:43:08 INFO  com.journalApp.JournalAppApplication - The following 1 profile is active: "dev"
2026-08-15 10:43:12 INFO  o.s.d.r.c.RepositoryConfigurationDelegate - Bootstrapping Spring Data MongoDB repositories in DEFAULT mode.
2026-08-15 10:43:12 INFO  o.s.d.r.c.RepositoryConfigurationDelegate - Finished Spring Data repository scanning in 189 ms. Found 2 MongoDB repository interfaces.
2026-08-15 10:43:14 INFO  o.s.b.w.e.tomcat.TomcatWebServer - Tomcat initialized with port(s): 8080 (http)
2026-08-15 10:43:14 INFO  o.a.coyote.http11.Http11NioProtocol - Initializing ProtocolHandler ["http-nio-8080"]
2026-08-15 10:43:14 INFO  o.a.catalina.core.StandardService - Starting service [Tomcat]
2026-08-15 10:43:14 INFO  o.a.catalina.core.StandardEngine - Starting Servlet engine: [Apache Tomcat/9.0.83]
2026-08-15 10:43:14 INFO  o.a.c.c.C.[Tomcat].[localhost].[/] - Initializing Spring embedded WebApplicationContext
2026-08-15 10:43:14 INFO  o.s.b.w.s.c.ServletWebServerApplicationContext - Root WebApplicationContext: initialization completed in 5646 ms
2026-08-15 10:43:15 INFO  org.mongodb.driver.client - MongoClient with metadata {"driver": {"name": "mongo-java-driver|sync|spring-boot", "version": "4.6.1"}, "os": {"type": "Windows", "name": "Windows 11", "architecture": "amd64", "version": "10.0"}, "platform": "Java/Oracle Corporation/21.0.4+8-LTS-274"} created with settings MongoClientSettings{readPreference=primary, writeConcern=WriteConcern{w=null, wTimeout=null ms, journal=null}, retryWrites=true, retryReads=true, readConcern=ReadConcern{level=null}, credential=null, streamFactoryFactory=null, commandListeners=[], codecRegistry=ProvidersCodecRegistry{codecProviders=[ValueCodecProvider{}, BsonValueCodecProvider{}, DBRefCodecProvider{}, DBObjectCodecProvider{}, DocumentCodecProvider{}, IterableCodecProvider{}, MapCodecProvider{}, GeoJsonCodecProvider{}, GridFSFileCodecProvider{}, Jsr310CodecProvider{}, JsonObjectCodecProvider{}, BsonCodecProvider{}, EnumCodecProvider{}, com.mongodb.Jep395RecordCodecProvider@1f95881a]}, clusterSettings={hosts=[localhost:27017], srvServiceName=mongodb, mode=SINGLE, requiredClusterType=UNKNOWN, requiredReplicaSetName='null', serverSelector='null', clusterListeners='[]', serverSelectionTimeout='30000 ms', localThreshold='30000 ms'}, socketSettings=SocketSettings{connectTimeoutMS=10000, readTimeoutMS=0, receiveBufferSize=0, sendBufferSize=0}, heartbeatSocketSettings=SocketSettings{connectTimeoutMS=10000, readTimeoutMS=10000, receiveBufferSize=0, sendBufferSize=0}, connectionPoolSettings=ConnectionPoolSettings{maxSize=100, minSize=0, maxWaitTimeMS=120000, maxConnectionLifeTimeMS=0, maxConnectionIdleTimeMS=0, maintenanceInitialDelayMS=0, maintenanceFrequencyMS=60000, connectionPoolListeners=[], maxConnecting=2}, serverSettings=ServerSettings{heartbeatFrequencyMS=10000, minHeartbeatFrequencyMS=500, serverListeners='[]', serverMonitorListeners='[]'}, sslSettings=SslSettings{enabled=false, invalidHostNameAllowed=false, context=null}, applicationName='null', compressorList=[], uuidRepresentation=JAVA_LEGACY, serverApi=null, autoEncryptionSettings=null, contextProvider=null}
2026-08-15 10:43:15 INFO  org.mongodb.driver.connection - Opened connection [connectionId{localValue:2, serverValue:76}] to localhost:27017
2026-08-15 10:43:15 INFO  org.mongodb.driver.connection - Opened connection [connectionId{localValue:1, serverValue:77}] to localhost:27017
2026-08-15 10:43:15 INFO  org.mongodb.driver.cluster - Monitor thread successfully connected to server with description ServerDescription{address=localhost:27017, type=STANDALONE, state=CONNECTED, ok=true, minWireVersion=0, maxWireVersion=25, maxDocumentSize=16777216, logicalSessionTimeoutMinutes=30, roundTripTimeNanos=70489000}
2026-08-15 10:43:16 INFO  o.s.s.web.DefaultSecurityFilterChain - Will secure any request with [org.springframework.security.web.session.DisableEncodeUrlFilter@67d8faec, org.springframework.security.web.context.request.async.WebAsyncManagerIntegrationFilter@751d7425, org.springframework.security.web.context.SecurityContextPersistenceFilter@4d4c1ba9, org.springframework.security.web.header.HeaderWriterFilter@454bcbbf, org.springframework.security.web.authentication.logout.LogoutFilter@2ce524d2, org.springframework.security.web.authentication.www.BasicAuthenticationFilter@615439f7, org.springframework.security.web.savedrequest.RequestCacheAwareFilter@115c946b, org.springframework.security.web.servletapi.SecurityContextHolderAwareRequestFilter@147cc940, org.springframework.security.web.authentication.AnonymousAuthenticationFilter@7eaa2bc6, org.springframework.security.web.session.SessionManagementFilter@76a362a4, org.springframework.security.web.access.ExceptionTranslationFilter@20256a0b, org.springframework.security.web.access.intercept.FilterSecurityInterceptor@4c635edc]
2026-08-15 10:43:17 INFO  o.a.coyote.http11.Http11NioProtocol - Starting ProtocolHandler ["http-nio-8080"]
2026-08-15 10:43:17 INFO  o.s.b.w.e.tomcat.TomcatWebServer - Tomcat started on port(s): 8080 (http) with context path ''
2026-08-15 10:43:17 INFO  com.journalApp.JournalAppApplication - Started JournalAppApplication in 10.364 seconds (JVM running for 11.967)
2026-08-15 10:43:26 INFO  o.a.c.c.C.[Tomcat].[localhost].[/] - Initializing Spring DispatcherServlet 'dispatcherServlet'
2026-08-15 10:43:26 INFO  o.s.web.servlet.DispatcherServlet - Initializing Servlet 'dispatcherServlet'
2026-08-15 10:43:26 INFO  o.s.web.servlet.DispatcherServlet - Completed initialization in 2 ms
2026-08-15 10:43:27 INFO  org.mongodb.driver.connection - Opened connection [connectionId{localValue:3, serverValue:78}] to localhost:27017
2026-08-15 17:34:28 INFO  com.journalApp.JournalAppApplication - Starting JournalAppApplication using Java 21.0.4 on SHAHID with PID 17952 (C:\Users\MD SHAHID ANSARI\IdeaProjects\journalApp\journalApp\target\classes started by MD SHAHID ANSARI in C:\Users\MD SHAHID ANSARI\IdeaProjects\journalApp)
2026-08-15 17:34:28 INFO  com.journalApp.JournalAppApplication - The following 1 profile is active: "dev"
2026-08-15 17:34:30 INFO  o.s.d.r.c.RepositoryConfigurationDelegate - Bootstrapping Spring Data MongoDB repositories in DEFAULT mode.
2026-08-15 17:34:30 INFO  o.s.d.r.c.RepositoryConfigurationDelegate - Finished Spring Data repository scanning in 129 ms. Found 2 MongoDB repository interfaces.
2026-08-15 17:34:31 INFO  o.s.b.w.e.tomcat.TomcatWebServer - Tomcat initialized with port(s): 8080 (http)
2026-08-15 17:34:31 INFO  o.a.coyote.http11.Http11NioProtocol - Initializing ProtocolHandler ["http-nio-8080"]
2026-08-15 17:34:31 INFO  o.a.catalina.core.StandardService - Starting service [Tomcat]
2026-08-15 17:34:31 INFO  o.a.catalina.core.StandardEngine - Starting Servlet engine: [Apache Tomcat/9.0.83]
2026-08-15 17:34:31 INFO  o.a.c.c.C.[Tomcat].[localhost].[/] - Initializing Spring embedded WebApplicationContext
2026-08-15 17:34:31 INFO  o.s.b.w.s.c.ServletWebServerApplicationContext - Root WebApplicationContext: initialization completed in 2905 ms
2026-08-15 17:34:32 INFO  org.mongodb.driver.client - MongoClient with metadata {"driver": {"name": "mongo-java-driver|sync|spring-boot", "version": "4.6.1"}, "os": {"type": "Windows", "name": "Windows 11", "architecture": "amd64", "version": "10.0"}, "platform": "Java/Oracle Corporation/21.0.4+8-LTS-274"} created with settings MongoClientSettings{readPreference=primary, writeConcern=WriteConcern{w=null, wTimeout=null ms, journal=null}, retryWrites=true, retryReads=true, readConcern=ReadConcern{level=null}, credential=null, streamFactoryFactory=null, commandListeners=[], codecRegistry=ProvidersCodecRegistry{codecProviders=[ValueCodecProvider{}, BsonValueCodecProvider{}, DBRefCodecProvider{}, DBObjectCodecProvider{}, DocumentCodecProvider{}, IterableCodecProvider{}, MapCodecProvider{}, GeoJsonCodecProvider{}, GridFSFileCodecProvider{}, Jsr310CodecProvider{}, JsonObjectCodecProvider{}, BsonCodecProvider{}, EnumCodecProvider{}, com.mongodb.Jep395RecordCodecProvider@7a2ab862]}, clusterSettings={hosts=[localhost:27017], srvServiceName=mongodb, mode=SINGLE, requiredClusterType=UNKNOWN, requiredReplicaSetName='null', serverSelector='null', clusterListeners='[]', serverSelectionTimeout='30000 ms', localThreshold='30000 ms'}, socketSettings=SocketSettings{connectTimeoutMS=10000, readTimeoutMS=0, receiveBufferSize=0, sendBufferSize=0}, heartbeatSocketSettings=SocketSettings{connectTimeoutMS=10000, readTimeoutMS=10000, receiveBufferSize=0, sendBufferSize=0}, connectionPoolSettings=ConnectionPoolSettings{maxSize=100, minSize=0, maxWaitTimeMS=120000, maxConnectionLifeTimeMS=0, maxConnectionIdleTimeMS=0, maintenanceInitialDelayMS=0, maintenanceFrequencyMS=60000, connectionPoolListeners=[], maxConnecting=2}, serverSettings=ServerSettings{heartbeatFrequencyMS=10000, minHeartbeatFrequencyMS=500, serverListeners='[]', serverMonitorListeners='[]'}, sslSettings=SslSettings{enabled=false, invalidHostNameAllowed=false, context=null}, applicationName='null', compressorList=[], uuidRepresentation=JAVA_LEGACY, serverApi=null, autoEncryptionSettings=null, contextProvider=null}
2026-08-15 17:34:32 INFO  org.mongodb.driver.connection - Opened connection [connectionId{localValue:2, serverValue:113}] to localhost:27017
2026-08-15 17:34:32 INFO  org.mongodb.driver.connection - Opened connection [connectionId{localValue:1, serverValue:112}] to localhost:27017
2026-08-15 17:34:32 INFO  org.mongodb.driver.cluster - Monitor thread successfully connected to server with description ServerDescription{address=localhost:27017, type=STANDALONE, state=CONNECTED, ok=true, minWireVersion=0, maxWireVersion=25, maxDocumentSize=16777216, logicalSessionTimeoutMinutes=30, roundTripTimeNanos=93838900}
2026-08-15 17:34:33 INFO  o.s.s.web.DefaultSecurityFilterChain - Will secure any request with [org.springframework.security.web.session.DisableEncodeUrlFilter@7ac5b4c, org.springframework.security.web.context.request.async.WebAsyncManagerIntegrationFilter@150fc7a7, org.springframework.security.web.context.SecurityContextPersistenceFilter@454bcbbf, org.springframework.security.web.header.HeaderWriterFilter@1c84d80a, org.springframework.security.web.authentication.logout.LogoutFilter@6238d5e0, org.springframework.security.web.authentication.www.BasicAuthenticationFilter@6a8a551e, org.springframework.security.web.savedrequest.RequestCacheAwareFilter@27e199ce, org.springframework.security.web.servletapi.SecurityContextHolderAwareRequestFilter@39133244, org.springframework.security.web.authentication.AnonymousAuthenticationFilter@55d8c2c4, org.springframework.security.web.session.SessionManagementFilter@71531dd7, org.springframework.security.web.access.ExceptionTranslationFilter@46bb0bdf, org.springframework.security.web.access.intercept.FilterSecurityInterceptor@47fb7ec9]
2026-08-15 17:34:34 INFO  o.a.coyote.http11.Http11NioProtocol - Starting ProtocolHandler ["http-nio-8080"]
2026-08-15 17:34:34 INFO  o.s.b.w.e.tomcat.TomcatWebServer - Tomcat started on port(s): 8080 (http) with context path ''
2026-08-15 17:34:34 INFO  com.journalApp.JournalAppApplication - Started JournalAppApplication in 6.96 seconds (JVM running for 8.281)
2026-08-15 17:34:45 INFO  o.a.c.c.C.[Tomcat].[localhost].[/] - Initializing Spring DispatcherServlet 'dispatcherServlet'
2026-08-15 17:34:45 INFO  o.s.web.servlet.DispatcherServlet - Initializing Servlet 'dispatcherServlet'
2026-08-15 17:34:45 INFO  o.s.web.servlet.DispatcherServlet - Completed initialization in 4 ms
2026-08-15 17:34:45 INFO  org.mongodb.driver.connection - Opened connection [connectionId{localValue:3, serverValue:114}] to localhost:27017
2026-08-15 17:41:50 INFO  com.journalApp.JournalAppApplication - Starting JournalAppApplication using Java 21.0.4 on SHAHID with PID 31412 (C:\Users\MD SHAHID ANSARI\IdeaProjects\journalApp\journalApp\target\classes started by MD SHAHID ANSARI in C:\Users\MD SHAHID ANSARI\IdeaProjects\journalApp)
2026-08-15 17:41:50 INFO  com.journalApp.JournalAppApplication - The following 1 profile is active: "dev"
2026-08-15 17:41:52 INFO  o.s.d.r.c.RepositoryConfigurationDelegate - Bootstrapping Spring Data MongoDB repositories in DEFAULT mode.
2026-08-15 17:41:52 INFO  o.s.d.r.c.RepositoryConfigurationDelegate - Finished Spring Data repository scanning in 87 ms. Found 2 MongoDB repository interfaces.
2026-08-15 17:41:53 INFO  o.s.b.w.e.tomcat.TomcatWebServer - Tomcat initialized with port(s): 8080 (http)
2026-08-15 17:41:53 INFO  o.a.coyote.http11.Http11NioProtocol - Initializing ProtocolHandler ["http-nio-8080"]
2026-08-15 17:41:53 INFO  o.a.catalina.core.StandardService - Starting service [Tomcat]
2026-08-15 17:41:53 INFO  o.a.catalina.core.StandardEngine - Starting Servlet engine: [Apache Tomcat/9.0.83]
2026-08-15 17:41:53 INFO  o.a.c.c.C.[Tomcat].[localhost].[/] - Initializing Spring embedded WebApplicationContext
2026-08-15 17:41:53 INFO  o.s.b.w.s.c.ServletWebServerApplicationContext - Root WebApplicationContext: initialization completed in 2652 ms
2026-08-15 17:41:54 INFO  org.mongodb.driver.client - MongoClient with metadata {"driver": {"name": "mongo-java-driver|sync|spring-boot", "version": "4.6.1"}, "os": {"type": "Windows", "name": "Windows 11", "architecture": "amd64", "version": "10.0"}, "platform": "Java/Oracle Corporation/21.0.4+8-LTS-274"} created with settings MongoClientSettings{readPreference=primary, writeConcern=WriteConcern{w=null, wTimeout=null ms, journal=null}, retryWrites=true, retryReads=true, readConcern=ReadConcern{level=null}, credential=null, streamFactoryFactory=null, commandListeners=[], codecRegistry=ProvidersCodecRegistry{codecProviders=[ValueCodecProvider{}, BsonValueCodecProvider{}, DBRefCodecProvider{}, DBObjectCodecProvider{}, DocumentCodecProvider{}, IterableCodecProvider{}, MapCodecProvider{}, GeoJsonCodecProvider{}, GridFSFileCodecProvider{}, Jsr310CodecProvider{}, JsonObjectCodecProvider{}, BsonCodecProvider{}, EnumCodecProvider{}, com.mongodb.Jep395RecordCodecProvider@58aa10f4]}, clusterSettings={hosts=[localhost:27017], srvServiceName=mongodb, mode=SINGLE, requiredClusterType=UNKNOWN, requiredReplicaSetName='null', serverSelector='null', clusterListeners='[]', serverSelectionTimeout='30000 ms', localThreshold='30000 ms'}, socketSettings=SocketSettings{connectTimeoutMS=10000, readTimeoutMS=0, receiveBufferSize=0, sendBufferSize=0}, heartbeatSocketSettings=SocketSettings{connectTimeoutMS=10000, readTimeoutMS=10000, receiveBufferSize=0, sendBufferSize=0}, connectionPoolSettings=ConnectionPoolSettings{maxSize=100, minSize=0, maxWaitTimeMS=120000, maxConnectionLifeTimeMS=0, maxConnectionIdleTimeMS=0, maintenanceInitialDelayMS=0, maintenanceFrequencyMS=60000, connectionPoolListeners=[], maxConnecting=2}, serverSettings=ServerSettings{heartbeatFrequencyMS=10000, minHeartbeatFrequencyMS=500, serverListeners='[]', serverMonitorListeners='[]'}, sslSettings=SslSettings{enabled=false, invalidHostNameAllowed=false, context=null}, applicationName='null', compressorList=[], uuidRepresentation=JAVA_LEGACY, serverApi=null, autoEncryptionSettings=null, contextProvider=null}
2026-08-15 17:41:54 INFO  org.mongodb.driver.connection - Opened connection [connectionId{localValue:2, serverValue:116}] to localhost:27017
2026-08-15 17:41:54 INFO  org.mongodb.driver.connection - Opened connection [connectionId{localValue:1, serverValue:115}] to localhost:27017
2026-08-15 17:41:54 INFO  org.mongodb.driver.cluster - Monitor thread successfully connected to server with description ServerDescription{address=localhost:27017, type=STANDALONE, state=CONNECTED, ok=true, minWireVersion=0, maxWireVersion=25, maxDocumentSize=16777216, logicalSessionTimeoutMinutes=30, roundTripTimeNanos=49314100}
2026-08-15 17:41:55 INFO  o.s.s.web.DefaultSecurityFilterChain - Will secure any request with [org.springframework.security.web.session.DisableEncodeUrlFilter@55d8c2c4, org.springframework.security.web.context.request.async.WebAsyncManagerIntegrationFilter@798cf6d2, org.springframework.security.web.context.SecurityContextPersistenceFilter@27e199ce, org.springframework.security.web.header.HeaderWriterFilter@629075f4, org.springframework.security.web.authentication.logout.LogoutFilter@2c8b8de0, org.springframework.security.web.authentication.www.BasicAuthenticationFilter@53982523, org.springframework.security.web.savedrequest.RequestCacheAwareFilter@7364f68, org.springframework.security.web.servletapi.SecurityContextHolderAwareRequestFilter@5e193ef5, org.springframework.security.web.authentication.AnonymousAuthenticationFilter@1c1fa494, org.springframework.security.web.session.SessionManagementFilter@624b3544, org.springframework.security.web.access.ExceptionTranslationFilter@1c84d80a, org.springframework.security.web.access.intercept.FilterSecurityInterceptor@4703c998]
2026-08-15 17:41:55 INFO  o.a.coyote.http11.Http11NioProtocol - Starting ProtocolHandler ["http-nio-8080"]
2026-08-15 17:41:55 INFO  o.s.b.w.e.tomcat.TomcatWebServer - Tomcat started on port(s): 8080 (http) with context path ''
2026-08-15 17:41:55 INFO  com.journalApp.JournalAppApplication - Started JournalAppApplication in 6.322 seconds (JVM running for 7.747)
2026-08-15 17:42:20 INFO  o.a.c.c.C.[Tomcat].[localhost].[/] - Initializing Spring DispatcherServlet 'dispatcherServlet'
2026-08-15 17:42:20 INFO  o.s.web.servlet.DispatcherServlet - Initializing Servlet 'dispatcherServlet'
2026-08-15 17:42:20 INFO  o.s.web.servlet.DispatcherServlet - Completed initialization in 4 ms
2026-08-15 17:42:21 INFO  org.mongodb.driver.connection - Opened connection [connectionId{localValue:3, serverValue:117}] to localhost:27017
2026-08-15 18:05:16 INFO  com.journalApp.JournalAppApplication - Starting JournalAppApplication using Java 21.0.4 on SHAHID with PID 28708 (C:\Users\MD SHAHID ANSARI\IdeaProjects\journalApp\journalApp\target\classes started by MD SHAHID ANSARI in C:\Users\MD SHAHID ANSARI\IdeaProjects\journalApp)
2026-08-15 18:05:16 INFO  com.journalApp.JournalAppApplication - The following 1 profile is active: "dev"
2026-08-15 18:05:17 INFO  o.s.d.r.c.RepositoryConfigurationDelegate - Bootstrapping Spring Data MongoDB repositories in DEFAULT mode.
2026-08-15 18:05:17 INFO  o.s.d.r.c.RepositoryConfigurationDelegate - Finished Spring Data repository scanning in 88 ms. Found 2 MongoDB repository interfaces.
2026-08-15 18:05:18 INFO  o.s.b.w.e.tomcat.TomcatWebServer - Tomcat initialized with port(s): 8080 (http)
2026-08-15 18:05:18 INFO  o.a.coyote.http11.Http11NioProtocol - Initializing ProtocolHandler ["http-nio-8080"]
2026-08-15 18:05:18 INFO  o.a.catalina.core.StandardService - Starting service [Tomcat]
2026-08-15 18:05:18 INFO  o.a.catalina.core.StandardEngine - Starting Servlet engine: [Apache Tomcat/9.0.83]
2026-08-15 18:05:18 INFO  o.a.c.c.C.[Tomcat].[localhost].[/] - Initializing Spring embedded WebApplicationContext
2026-08-15 18:05:18 INFO  o.s.b.w.s.c.ServletWebServerApplicationContext - Root WebApplicationContext: initialization completed in 1845 ms
2026-08-15 18:05:19 INFO  org.mongodb.driver.client - MongoClient with metadata {"driver": {"name": "mongo-java-driver|sync|spring-boot", "version": "4.6.1"}, "os": {"type": "Windows", "name": "Windows 11", "architecture": "amd64", "version": "10.0"}, "platform": "Java/Oracle Corporation/21.0.4+8-LTS-274"} created with settings MongoClientSettings{readPreference=primary, writeConcern=WriteConcern{w=null, wTimeout=null ms, journal=null}, retryWrites=true, retryReads=true, readConcern=ReadConcern{level=null}, credential=null, streamFactoryFactory=null, commandListeners=[], codecRegistry=ProvidersCodecRegistry{codecProviders=[ValueCodecProvider{}, BsonValueCodecProvider{}, DBRefCodecProvider{}, DBObjectCodecProvider{}, DocumentCodecProvider{}, IterableCodecProvider{}, MapCodecProvider{}, GeoJsonCodecProvider{}, GridFSFileCodecProvider{}, Jsr310CodecProvider{}, JsonObjectCodecProvider{}, BsonCodecProvider{}, EnumCodecProvider{}, com.mongodb.Jep395RecordCodecProvider@50ab56e2]}, clusterSettings={hosts=[localhost:27017], srvServiceName=mongodb, mode=SINGLE, requiredClusterType=UNKNOWN, requiredReplicaSetName='null', serverSelector='null', clusterListeners='[]', serverSelectionTimeout='30000 ms', localThreshold='30000 ms'}, socketSettings=SocketSettings{connectTimeoutMS=10000, readTimeoutMS=0, receiveBufferSize=0, sendBufferSize=0}, heartbeatSocketSettings=SocketSettings{connectTimeoutMS=10000, readTimeoutMS=10000, receiveBufferSize=0, sendBufferSize=0}, connectionPoolSettings=ConnectionPoolSettings{maxSize=100, minSize=0, maxWaitTimeMS=120000, maxConnectionLifeTimeMS=0, maxConnectionIdleTimeMS=0, maintenanceInitialDelayMS=0, maintenanceFrequencyMS=60000, connectionPoolListeners=[], maxConnecting=2}, serverSettings=ServerSettings{heartbeatFrequencyMS=10000, minHeartbeatFrequencyMS=500, serverListeners='[]', serverMonitorListeners='[]'}, sslSettings=SslSettings{enabled=false, invalidHostNameAllowed=false, context=null}, applicationName='null', compressorList=[], uuidRepresentation=JAVA_LEGACY, serverApi=null, autoEncryptionSettings=null, contextProvider=null}
2026-08-15 18:05:19 INFO  org.mongodb.driver.connection - Opened connection [connectionId{localValue:1, serverValue:118}] to localhost:27017
2026-08-15 18:05:19 INFO  org.mongodb.driver.connection - Opened connection [connectionId{localValue:2, serverValue:119}] to localhost:27017
2026-08-15 18:05:19 INFO  org.mongodb.driver.cluster - Monitor thread successfully connected to server with description ServerDescription{address=localhost:27017, type=STANDALONE, state=CONNECTED, ok=true, minWireVersion=0, maxWireVersion=25, maxDocumentSize=16777216, logicalSessionTimeoutMinutes=30, roundTripTimeNanos=32076000}
2026-08-15 18:05:19 INFO  o.s.s.web.DefaultSecurityFilterChain - Will secure any request with [org.springframework.security.web.session.DisableEncodeUrlFilter@6d874695, org.springframework.security.web.context.request.async.WebAsyncManagerIntegrationFilter@20bb85b4, org.springframework.security.web.context.SecurityContextPersistenceFilter@5763a655, org.springframework.security.web.header.HeaderWriterFilter@1e2445f6, org.springframework.security.web.authentication.logout.LogoutFilter@76a362a4, org.springframework.security.web.authentication.www.BasicAuthenticationFilter@62ea8931, org.springframework.security.web.savedrequest.RequestCacheAwareFilter@46bb0bdf, org.springframework.security.web.servletapi.SecurityContextHolderAwareRequestFilter@48499739, org.springframework.security.web.authentication.AnonymousAuthenticationFilter@79add732, org.springframework.security.web.session.SessionManagementFilter@203e705e, org.springframework.security.web.access.ExceptionTranslationFilter@3a40bb52, org.springframework.security.web.access.intercept.FilterSecurityInterceptor@71c0b742]
2026-08-15 18:05:20 INFO  o.a.coyote.http11.Http11NioProtocol - Starting ProtocolHandler ["http-nio-8080"]
2026-08-15 18:05:20 INFO  o.s.b.w.e.tomcat.TomcatWebServer - Tomcat started on port(s): 8080 (http) with context path ''
2026-08-15 18:05:20 INFO  com.journalApp.JournalAppApplication - Started JournalAppApplication in 4.002 seconds (JVM running for 4.993)
2026-08-15 18:05:49 INFO  o.a.c.c.C.[Tomcat].[localhost].[/] - Initializing Spring DispatcherServlet 'dispatcherServlet'
2026-08-15 18:05:49 INFO  o.s.web.servlet.DispatcherServlet - Initializing Servlet 'dispatcherServlet'
2026-08-15 18:05:49 INFO  o.s.web.servlet.DispatcherServlet - Completed initialization in 11 ms
2026-08-15 18:05:49 INFO  org.mongodb.driver.connection - Opened connection [connectionId{localValue:3, serverValue:120}] to localhost:27017
2026-08-15 18:06:13 INFO  com.journalApp.JournalAppApplication - Starting JournalAppApplication using Java 21.0.4 on SHAHID with PID 23760 (C:\Users\MD SHAHID ANSARI\IdeaProjects\journalApp\journalApp\target\classes started by MD SHAHID ANSARI in C:\Users\MD SHAHID ANSARI\IdeaProjects\journalApp)
2026-08-15 18:06:13 INFO  com.journalApp.JournalAppApplication - The following 1 profile is active: "dev"
2026-08-15 18:06:15 INFO  o.s.d.r.c.RepositoryConfigurationDelegate - Bootstrapping Spring Data MongoDB repositories in DEFAULT mode.
2026-08-15 18:06:15 INFO  o.s.d.r.c.RepositoryConfigurationDelegate - Finished Spring Data repository scanning in 172 ms. Found 2 MongoDB repository interfaces.
2026-08-15 18:06:16 INFO  o.s.b.w.e.tomcat.TomcatWebServer - Tomcat initialized with port(s): 8080 (http)
2026-08-15 18:06:16 INFO  o.a.coyote.http11.Http11NioProtocol - Initializing ProtocolHandler ["http-nio-8080"]
2026-08-15 18:06:16 INFO  o.a.catalina.core.StandardService - Starting service [Tomcat]
2026-08-15 18:06:16 INFO  o.a.catalina.core.StandardEngine - Starting Servlet engine: [Apache Tomcat/9.0.83]
2026-08-15 18:06:16 INFO  o.a.c.c.C.[Tomcat].[localhost].[/] - Initializing Spring embedded WebApplicationContext
2026-08-15 18:06:16 INFO  o.s.b.w.s.c.ServletWebServerApplicationContext - Root WebApplicationContext: initialization completed in 2828 ms
2026-08-15 18:06:17 INFO  org.mongodb.driver.client - MongoClient with metadata {"driver": {"name": "mongo-java-driver|sync|spring-boot", "version": "4.6.1"}, "os": {"type": "Windows", "name": "Windows 11", "architecture": "amd64", "version": "10.0"}, "platform": "Java/Oracle Corporation/21.0.4+8-LTS-274"} created with settings MongoClientSettings{readPreference=primary, writeConcern=WriteConcern{w=null, wTimeout=null ms, journal=null}, retryWrites=true, retryReads=true, readConcern=ReadConcern{level=null}, credential=null, streamFactoryFactory=null, commandListeners=[], codecRegistry=ProvidersCodecRegistry{codecProviders=[ValueCodecProvider{}, BsonValueCodecProvider{}, DBRefCodecProvider{}, DBObjectCodecProvider{}, DocumentCodecProvider{}, IterableCodecProvider{}, MapCodecProvider{}, GeoJsonCodecProvider{}, GridFSFileCodecProvider{}, Jsr310CodecProvider{}, JsonObjectCodecProvider{}, BsonCodecProvider{}, EnumCodecProvider{}, com.mongodb.Jep395RecordCodecProvider@56c8e6f0]}, clusterSettings={hosts=[localhost:27017], srvServiceName=mongodb, mode=SINGLE, requiredClusterType=UNKNOWN, requiredReplicaSetName='null', serverSelector='null', clusterListeners='[]', serverSelectionTimeout='30000 ms', localThreshold='30000 ms'}, socketSettings=SocketSettings{connectTimeoutMS=10000, readTimeoutMS=0, receiveBufferSize=0, sendBufferSize=0}, heartbeatSocketSettings=SocketSettings{connectTimeoutMS=10000, readTimeoutMS=10000, receiveBufferSize=0, sendBufferSize=0}, connectionPoolSettings=ConnectionPoolSettings{maxSize=100, minSize=0, maxWaitTimeMS=120000, maxConnectionLifeTimeMS=0, maxConnectionIdleTimeMS=0, maintenanceInitialDelayMS=0, maintenanceFrequencyMS=60000, connectionPoolListeners=[], maxConnecting=2}, serverSettings=ServerSettings{heartbeatFrequencyMS=10000, minHeartbeatFrequencyMS=500, serverListeners='[]', serverMonitorListeners='[]'}, sslSettings=SslSettings{enabled=false, invalidHostNameAllowed=false, context=null}, applicationName='null', compressorList=[], uuidRepresentation=JAVA_LEGACY, serverApi=null, autoEncryptionSettings=null, contextProvider=null}
2026-08-15 18:06:17 INFO  org.mongodb.driver.connection - Opened connection [connectionId{localValue:2, serverValue:122}] to localhost:27017
2026-08-15 18:06:17 INFO  org.mongodb.driver.connection - Opened connection [connectionId{localValue:1, serverValue:121}] to localhost:27017
2026-08-15 18:06:17 INFO  org.mongodb.driver.cluster - Monitor thread successfully connected to server with description ServerDescription{address=localhost:27017, type=STANDALONE, state=CONNECTED, ok=true, minWireVersion=0, maxWireVersion=25, maxDocumentSize=16777216, logicalSessionTimeoutMinutes=30, roundTripTimeNanos=46197001}
2026-08-15 18:06:18 INFO  o.s.s.web.DefaultSecurityFilterChain - Will secure any request with [org.springframework.security.web.session.DisableEncodeUrlFilter@5fb5ad40, org.springframework.security.web.context.request.async.WebAsyncManagerIntegrationFilter@615439f7, org.springframework.security.web.context.SecurityContextPersistenceFilter@5e193ef5, org.springframework.security.web.header.HeaderWriterFilter@61d60e38, org.springframework.security.web.authentication.logout.LogoutFilter@24d8f87a, org.springframework.security.web.authentication.www.BasicAuthenticationFilter@1c1fa494, org.springframework.security.web.savedrequest.RequestCacheAwareFilter@21274afe, org.springframework.security.web.servletapi.SecurityContextHolderAwareRequestFilter@2017f6e6, org.springframework.security.web.authentication.AnonymousAuthenticationFilter@632cf7d3, org.springframework.security.web.session.SessionManagementFilter@7ea42c82, org.springframework.security.web.access.ExceptionTranslationFilter@30b3d899, org.springframework.security.web.access.intercept.FilterSecurityInterceptor@10ed037a]
2026-08-15 18:06:19 INFO  o.a.coyote.http11.Http11NioProtocol - Starting ProtocolHandler ["http-nio-8080"]
2026-08-15 18:06:19 INFO  o.s.b.w.e.tomcat.TomcatWebServer - Tomcat started on port(s): 8080 (http) with context path ''
2026-08-15 18:06:19 INFO  com.journalApp.JournalAppApplication - Started JournalAppApplication in 6.575 seconds (JVM running for 8.299)
2026-08-15 18:06:26 INFO  o.a.c.c.C.[Tomcat].[localhost].[/] - Initializing Spring DispatcherServlet 'dispatcherServlet'
2026-08-15 18:06:26 INFO  o.s.web.servlet.DispatcherServlet - Initializing Servlet 'dispatcherServlet'
2026-08-15 18:06:26 INFO  o.s.web.servlet.DispatcherServlet - Completed initialization in 2 ms
2026-08-15 18:06:26 INFO  org.mongodb.driver.connection - Opened connection [connectionId{localValue:3, serverValue:123}] to localhost:27017
2026-08-15 18:08:02 INFO  com.journalApp.JournalAppApplication - Starting JournalAppApplication using Java 21.0.4 on SHAHID with PID 25152 (C:\Users\MD SHAHID ANSARI\IdeaProjects\journalApp\journalApp\target\classes started by MD SHAHID ANSARI in C:\Users\MD SHAHID ANSARI\IdeaProjects\journalApp)
2026-08-15 18:08:02 INFO  com.journalApp.JournalAppApplication - The following 1 profile is active: "dev"
2026-08-15 18:08:04 INFO  o.s.d.r.c.RepositoryConfigurationDelegate - Bootstrapping Spring Data MongoDB repositories in DEFAULT mode.
2026-08-15 18:08:04 INFO  o.s.d.r.c.RepositoryConfigurationDelegate - Finished Spring Data repository scanning in 102 ms. Found 2 MongoDB repository interfaces.
2026-08-15 18:08:05 INFO  o.s.b.w.e.tomcat.TomcatWebServer - Tomcat initialized with port(s): 8080 (http)
2026-08-15 18:08:05 INFO  o.a.coyote.http11.Http11NioProtocol - Initializing ProtocolHandler ["http-nio-8080"]
2026-08-15 18:08:05 INFO  o.a.catalina.core.StandardService - Starting service [Tomcat]
2026-08-15 18:08:05 INFO  o.a.catalina.core.StandardEngine - Starting Servlet engine: [Apache Tomcat/9.0.83]
2026-08-15 18:08:05 INFO  o.a.c.c.C.[.[localhost].[/journal] - Initializing Spring embedded WebApplicationContext
2026-08-15 18:08:05 INFO  o.s.b.w.s.c.ServletWebServerApplicationContext - Root WebApplicationContext: initialization completed in 2656 ms
2026-08-15 18:08:06 INFO  org.mongodb.driver.client - MongoClient with metadata {"driver": {"name": "mongo-java-driver|sync|spring-boot", "version": "4.6.1"}, "os": {"type": "Windows", "name": "Windows 11", "architecture": "amd64", "version": "10.0"}, "platform": "Java/Oracle Corporation/21.0.4+8-LTS-274", "application": {"name": "Cluster0"}} created with settings MongoClientSettings{readPreference=primary, writeConcern=WriteConcern{w=null, wTimeout=null ms, journal=null}, retryWrites=true, retryReads=true, readConcern=ReadConcern{level=null}, credential=MongoCredential{mechanism=null, userName='mdshahidans2005_db_user', source='admin', password=<hidden>, mechanismProperties=<hidden>}, streamFactoryFactory=null, commandListeners=[], codecRegistry=ProvidersCodecRegistry{codecProviders=[ValueCodecProvider{}, BsonValueCodecProvider{}, DBRefCodecProvider{}, DBObjectCodecProvider{}, DocumentCodecProvider{}, IterableCodecProvider{}, MapCodecProvider{}, GeoJsonCodecProvider{}, GridFSFileCodecProvider{}, Jsr310CodecProvider{}, JsonObjectCodecProvider{}, BsonCodecProvider{}, EnumCodecProvider{}, com.mongodb.Jep395RecordCodecProvider@56cc9f29]}, clusterSettings={hosts=[127.0.0.1:27017], srvHost=cluster0.yvjbs2l.mongodb.net, srvServiceName=mongodb, mode=MULTIPLE, requiredClusterType=REPLICA_SET, requiredReplicaSetName='atlas-lpe6sk-shard-0', serverSelector='null', clusterListeners='[]', serverSelectionTimeout='30000 ms', localThreshold='30000 ms'}, socketSettings=SocketSettings{connectTimeoutMS=10000, readTimeoutMS=0, receiveBufferSize=0, sendBufferSize=0}, heartbeatSocketSettings=SocketSettings{connectTimeoutMS=10000, readTimeoutMS=10000, receiveBufferSize=0, sendBufferSize=0}, connectionPoolSettings=ConnectionPoolSettings{maxSize=100, minSize=0, maxWaitTimeMS=120000, maxConnectionLifeTimeMS=0, maxConnectionIdleTimeMS=0, maintenanceInitialDelayMS=0, maintenanceFrequencyMS=60000, connectionPoolListeners=[], maxConnecting=2}, serverSettings=ServerSettings{heartbeatFrequencyMS=10000, minHeartbeatFrequencyMS=500, serverListeners='[]', serverMonitorListeners='[]'}, sslSettings=SslSettings{enabled=true, invalidHostNameAllowed=false, context=null}, applicationName='Cluster0', compressorList=[], uuidRepresentation=JAVA_LEGACY, serverApi=null, autoEncryptionSettings=null, contextProvider=null}
2026-08-15 18:08:06 INFO  org.mongodb.driver.cluster - Adding discovered server ac-bd180s9-shard-00-00.yvjbs2l.mongodb.net:27017 to client view of cluster
2026-08-15 18:08:06 INFO  org.mongodb.driver.cluster - Adding discovered server ac-bd180s9-shard-00-01.yvjbs2l.mongodb.net:27017 to client view of cluster
2026-08-15 18:08:06 INFO  org.mongodb.driver.cluster - Adding discovered server ac-bd180s9-shard-00-02.yvjbs2l.mongodb.net:27017 to client view of cluster
2026-08-15 18:08:06 INFO  org.mongodb.driver.cluster - No server chosen by com.mongodb.client.internal.MongoClientDelegate$1@1a21f43f from cluster description ClusterDescription{type=REPLICA_SET, connectionMode=MULTIPLE, serverDescriptions=[ServerDescription{address=ac-bd180s9-shard-00-00.yvjbs2l.mongodb.net:27017, type=UNKNOWN, state=CONNECTING}, ServerDescription{address=ac-bd180s9-shard-00-02.yvjbs2l.mongodb.net:27017, type=UNKNOWN, state=CONNECTING}, ServerDescription{address=ac-bd180s9-shard-00-01.yvjbs2l.mongodb.net:27017, type=UNKNOWN, state=CONNECTING}]}. Waiting for 30000 ms before timing out
2026-08-15 18:08:07 INFO  org.mongodb.driver.connection - Opened connection [connectionId{localValue:6, serverValue:107447}] to ac-bd180s9-shard-00-00.yvjbs2l.mongodb.net:27017
2026-08-15 18:08:07 INFO  org.mongodb.driver.connection - Opened connection [connectionId{localValue:2, serverValue:109452}] to ac-bd180s9-shard-00-02.yvjbs2l.mongodb.net:27017
2026-08-15 18:08:07 INFO  org.mongodb.driver.connection - Opened connection [connectionId{localValue:4, serverValue:105474}] to ac-bd180s9-shard-00-01.yvjbs2l.mongodb.net:27017
2026-08-15 18:08:07 INFO  org.mongodb.driver.connection - Opened connection [connectionId{localValue:1, serverValue:105474}] to ac-bd180s9-shard-00-01.yvjbs2l.mongodb.net:27017
2026-08-15 18:08:07 INFO  org.mongodb.driver.connection - Opened connection [connectionId{localValue:5, serverValue:107447}] to ac-bd180s9-shard-00-00.yvjbs2l.mongodb.net:27017
2026-08-15 18:08:07 INFO  org.mongodb.driver.connection - Opened connection [connectionId{localValue:3, serverValue:109452}] to ac-bd180s9-shard-00-02.yvjbs2l.mongodb.net:27017
2026-08-15 18:08:07 INFO  org.mongodb.driver.cluster - Monitor thread successfully connected to server with description ServerDescription{address=ac-bd180s9-shard-00-01.yvjbs2l.mongodb.net:27017, type=REPLICA_SET_SECONDARY, state=CONNECTED, ok=true, minWireVersion=0, maxWireVersion=25, maxDocumentSize=16777216, logicalSessionTimeoutMinutes=30, roundTripTimeNanos=476665101, setName='atlas-lpe6sk-shard-0', canonicalAddress=ac-bd180s9-shard-00-01.yvjbs2l.mongodb.net:27017, hosts=[ac-bd180s9-shard-00-01.yvjbs2l.mongodb.net:27017, ac-bd180s9-shard-00-02.yvjbs2l.mongodb.net:27017, ac-bd180s9-shard-00-00.yvjbs2l.mongodb.net:27017], passives=[], arbiters=[], primary='ac-bd180s9-shard-00-02.yvjbs2l.mongodb.net:27017', tagSet=TagSet{[Tag{name='availabilityZone', value='aps1-az3'}, Tag{name='cacheState', value='READY'}, Tag{name='diskState', value='READY'}, Tag{name='nodeType', value='ELECTABLE'}, Tag{name='provider', value='AWS'}, Tag{name='region', value='AP_SOUTH_1'}, Tag{name='workloadType', value='OPERATIONAL'}]}, electionId=null, setVersion=297, topologyVersion=TopologyVersion{processId=6a7b3fc5ee64108dce410aaf, counter=5}, lastWriteDate=Sat Aug 15 18:08:07 IST 2026, lastUpdateTimeNanos=272661835905400}
2026-08-15 18:08:07 INFO  org.mongodb.driver.cluster - Monitor thread successfully connected to server with description ServerDescription{address=ac-bd180s9-shard-00-00.yvjbs2l.mongodb.net:27017, type=REPLICA_SET_SECONDARY, state=CONNECTED, ok=true, minWireVersion=0, maxWireVersion=25, maxDocumentSize=16777216, logicalSessionTimeoutMinutes=30, roundTripTimeNanos=477521301, setName='atlas-lpe6sk-shard-0', canonicalAddress=ac-bd180s9-shard-00-00.yvjbs2l.mongodb.net:27017, hosts=[ac-bd180s9-shard-00-01.yvjbs2l.mongodb.net:27017, ac-bd180s9-shard-00-02.yvjbs2l.mongodb.net:27017, ac-bd180s9-shard-00-00.yvjbs2l.mongodb.net:27017], passives=[], arbiters=[], primary='ac-bd180s9-shard-00-02.yvjbs2l.mongodb.net:27017', tagSet=TagSet{[Tag{name='availabilityZone', value='aps1-az1'}, Tag{name='cacheState', value='READY'}, Tag{name='diskState', value='READY'}, Tag{name='nodeType', value='ELECTABLE'}, Tag{name='provider', value='AWS'}, Tag{name='region', value='AP_SOUTH_1'}, Tag{name='workloadType', value='OPERATIONAL'}]}, electionId=null, setVersion=297, topologyVersion=TopologyVersion{processId=6a7b3ab66a60f4deb1771140, counter=10}, lastWriteDate=Sat Aug 15 18:08:07 IST 2026, lastUpdateTimeNanos=272661835905500}
2026-08-15 18:08:07 INFO  org.mongodb.driver.cluster - Monitor thread successfully connected to server with description ServerDescription{address=ac-bd180s9-shard-00-02.yvjbs2l.mongodb.net:27017, type=REPLICA_SET_PRIMARY, state=CONNECTED, ok=true, minWireVersion=0, maxWireVersion=25, maxDocumentSize=16777216, logicalSessionTimeoutMinutes=30, roundTripTimeNanos=475784600, setName='atlas-lpe6sk-shard-0', canonicalAddress=ac-bd180s9-shard-00-02.yvjbs2l.mongodb.net:27017, hosts=[ac-bd180s9-shard-00-01.yvjbs2l.mongodb.net:27017, ac-bd180s9-shard-00-02.yvjbs2l.mongodb.net:27017, ac-bd180s9-shard-00-00.yvjbs2l.mongodb.net:27017], passives=[], arbiters=[], primary='ac-bd180s9-shard-00-02.yvjbs2l.mongodb.net:27017', tagSet=TagSet{[Tag{name='availabilityZone', value='aps1-az2'}, Tag{name='cacheState', value='READY'}, Tag{name='diskState', value='READY'}, Tag{name='nodeType', value='ELECTABLE'}, Tag{name='provider', value='AWS'}, Tag{name='region', value='AP_SOUTH_1'}, Tag{name='workloadType', value='OPERATIONAL'}]}, electionId=7fffffff000000000000012d, setVersion=297, topologyVersion=TopologyVersion{processId=6a7b3d358e68804eae9a242f, counter=10}, lastWriteDate=Sat Aug 15 18:08:07 IST 2026, lastUpdateTimeNanos=272661835905300}
2026-08-15 18:08:07 INFO  org.mongodb.driver.cluster - Setting max election id to 7fffffff000000000000012d from replica set primary ac-bd180s9-shard-00-02.yvjbs2l.mongodb.net:27017
2026-08-15 18:08:07 INFO  org.mongodb.driver.cluster - Setting max set version to 297 from replica set primary ac-bd180s9-shard-00-02.yvjbs2l.mongodb.net:27017
2026-08-15 18:08:07 INFO  org.mongodb.driver.cluster - Discovered replica set primary ac-bd180s9-shard-00-02.yvjbs2l.mongodb.net:27017
2026-08-15 18:08:07 INFO  org.mongodb.driver.connection - Opened connection [connectionId{localValue:7, serverValue:109452}] to ac-bd180s9-shard-00-02.yvjbs2l.mongodb.net:27017
2026-08-15 18:08:08 INFO  o.s.s.web.DefaultSecurityFilterChain - Will secure any request with [org.springframework.security.web.session.DisableEncodeUrlFilter@7b5ac347, org.springframework.security.web.context.request.async.WebAsyncManagerIntegrationFilter@57b9389f, org.springframework.security.web.context.SecurityContextPersistenceFilter@f559c74, org.springframework.security.web.header.HeaderWriterFilter@282c4da0, org.springframework.security.web.authentication.logout.LogoutFilter@10e9a5fe, org.springframework.security.web.authentication.www.BasicAuthenticationFilter@7b3cbe6e, org.springframework.security.web.savedrequest.RequestCacheAwareFilter@720f56e2, org.springframework.security.web.servletapi.SecurityContextHolderAwareRequestFilter@59918c8f, org.springframework.security.web.authentication.AnonymousAuthenticationFilter@72b2c5ed, org.springframework.security.web.session.SessionManagementFilter@73d62b5, org.springframework.security.web.access.ExceptionTranslationFilter@120df990, org.springframework.security.web.access.intercept.FilterSecurityInterceptor@14b8a751]
2026-08-15 18:08:08 INFO  o.a.coyote.http11.Http11NioProtocol - Starting ProtocolHandler ["http-nio-8080"]
2026-08-15 18:08:08 INFO  o.s.b.w.e.tomcat.TomcatWebServer - Tomcat started on port(s): 8080 (http) with context path '/journal'
2026-08-15 18:08:08 INFO  com.journalApp.JournalAppApplication - Started JournalAppApplication in 7.358 seconds (JVM running for 9.165)
2026-08-15 18:08:37 INFO  o.a.c.c.C.[.[localhost].[/journal] - Initializing Spring DispatcherServlet 'dispatcherServlet'
2026-08-15 18:08:37 INFO  o.s.web.servlet.DispatcherServlet - Initializing Servlet 'dispatcherServlet'
2026-08-15 18:08:37 INFO  o.s.web.servlet.DispatcherServlet - Completed initialization in 293 ms
