2026-08-15 10:27:13 INFO  com.journalApp.JournalAppApplication - Starting JournalAppApplication using Java 21.0.4 on SHAHID with PID 2040 (C:\Users\MD SHAHID ANSARI\IdeaProjects\journalApp\journalApp\target\classes started by MD SHAHID ANSARI in C:\Users\MD SHAHID ANSARI\IdeaProjects\journalApp)
2026-08-15 10:27:13 INFO  com.journalApp.JournalAppApplication - The following 1 profile is active: "dev"
2026-08-15 10:27:14 INFO  o.s.d.r.c.RepositoryConfigurationDelegate - Bootstrapping Spring Data MongoDB repositories in DEFAULT mode.
2026-08-15 10:27:14 INFO  o.s.d.r.c.RepositoryConfigurationDelegate - Finished Spring Data repository scanning in 57 ms. Found 2 MongoDB repository interfaces.
2026-08-15 10:27:15 INFO  o.s.b.w.e.tomcat.TomcatWebServer - Tomcat initialized with port(s): 8080 (http)
2026-08-15 10:27:15 INFO  o.a.coyote.http11.Http11NioProtocol - Initializing ProtocolHandler ["http-nio-8080"]
2026-08-15 10:27:15 INFO  o.a.catalina.core.StandardService - Starting service [Tomcat]
2026-08-15 10:27:15 INFO  o.a.catalina.core.StandardEngine - Starting Servlet engine: [Apache Tomcat/9.0.83]
2026-08-15 10:27:15 INFO  o.a.c.c.C.[Tomcat].[localhost].[/] - Initializing Spring embedded WebApplicationContext
2026-08-15 10:27:15 INFO  o.s.b.w.s.c.ServletWebServerApplicationContext - Root WebApplicationContext: initialization completed in 1682 ms
2026-08-15 10:27:15 INFO  org.mongodb.driver.client - MongoClient with metadata {"driver": {"name": "mongo-java-driver|sync|spring-boot", "version": "4.6.1"}, "os": {"type": "Windows", "name": "Windows 11", "architecture": "amd64", "version": "10.0"}, "platform": "Java/Oracle Corporation/21.0.4+8-LTS-274"} created with settings MongoClientSettings{readPreference=primary, writeConcern=WriteConcern{w=null, wTimeout=null ms, journal=null}, retryWrites=true, retryReads=true, readConcern=ReadConcern{level=null}, credential=null, streamFactoryFactory=null, commandListeners=[], codecRegistry=ProvidersCodecRegistry{codecProviders=[ValueCodecProvider{}, BsonValueCodecProvider{}, DBRefCodecProvider{}, DBObjectCodecProvider{}, DocumentCodecProvider{}, IterableCodecProvider{}, MapCodecProvider{}, GeoJsonCodecProvider{}, GridFSFileCodecProvider{}, Jsr310CodecProvider{}, JsonObjectCodecProvider{}, BsonCodecProvider{}, EnumCodecProvider{}, com.mongodb.Jep395RecordCodecProvider@1f95881a]}, clusterSettings={hosts=[localhost:27017], srvServiceName=mongodb, mode=SINGLE, requiredClusterType=UNKNOWN, requiredReplicaSetName='null', serverSelector='null', clusterListeners='[]', serverSelectionTimeout='30000 ms', localThreshold='30000 ms'}, socketSettings=SocketSettings{connectTimeoutMS=10000, readTimeoutMS=0, receiveBufferSize=0, sendBufferSize=0}, heartbeatSocketSettings=SocketSettings{connectTimeoutMS=10000, readTimeoutMS=10000, receiveBufferSize=0, sendBufferSize=0}, connectionPoolSettings=ConnectionPoolSettings{maxSize=100, minSize=0, maxWaitTimeMS=120000, maxConnectionLifeTimeMS=0, maxConnectionIdleTimeMS=0, maintenanceInitialDelayMS=0, maintenanceFrequencyMS=60000, connectionPoolListeners=[], maxConnecting=2}, serverSettings=ServerSettings{heartbeatFrequencyMS=10000, minHeartbeatFrequencyMS=500, serverListeners='[]', serverMonitorListeners='[]'}, sslSettings=SslSettings{enabled=false, invalidHostNameAllowed=false, context=null}, applicationName='null', compressorList=[], uuidRepresentation=JAVA_LEGACY, serverApi=null, autoEncryptionSettings=null, contextProvider=null}
2026-08-15 10:27:15 INFO  org.mongodb.driver.connection - Opened connection [connectionId{localValue:2, serverValue:67}] to localhost:27017
2026-08-15 10:27:15 INFO  org.mongodb.driver.connection - Opened connection [connectionId{localValue:1, serverValue:68}] to localhost:27017
2026-08-15 10:27:15 INFO  org.mongodb.driver.cluster - Monitor thread successfully connected to server with description ServerDescription{address=localhost:27017, type=STANDALONE, state=CONNECTED, ok=true, minWireVersion=0, maxWireVersion=25, maxDocumentSize=16777216, logicalSessionTimeoutMinutes=30, roundTripTimeNanos=34561200}
2026-08-15 10:27:16 INFO  o.s.s.web.DefaultSecurityFilterChain - Will secure any request with [org.springframework.security.web.session.DisableEncodeUrlFilter@7a3f08b6, org.springframework.security.web.context.request.async.WebAsyncManagerIntegrationFilter@1be52861, org.springframework.security.web.context.SecurityContextPersistenceFilter@ceb7701, org.springframework.security.web.header.HeaderWriterFilter@78d92eef, org.springframework.security.web.authentication.logout.LogoutFilter@6c2a95d5, org.springframework.security.web.authentication.www.BasicAuthenticationFilter@55d8c2c4, org.springframework.security.web.savedrequest.RequestCacheAwareFilter@106c988, org.springframework.security.web.servletapi.SecurityContextHolderAwareRequestFilter@4d4c1ba9, org.springframework.security.web.authentication.AnonymousAuthenticationFilter@5fb5ad40, org.springframework.security.web.session.SessionManagementFilter@55a0f011, org.springframework.security.web.access.ExceptionTranslationFilter@34c76167, org.springframework.security.web.access.intercept.FilterSecurityInterceptor@3be3e76c]
2026-08-15 10:27:16 INFO  o.a.coyote.http11.Http11NioProtocol - Starting ProtocolHandler ["http-nio-8080"]
2026-08-15 10:27:16 INFO  o.s.b.w.e.tomcat.TomcatWebServer - Tomcat started on port(s): 8080 (http) with context path ''
2026-08-15 10:27:16 INFO  com.journalApp.JournalAppApplication - Started JournalAppApplication in 4.04 seconds (JVM running for 4.812)
2026-08-15 10:27:26 INFO  o.a.c.c.C.[Tomcat].[localhost].[/] - Initializing Spring DispatcherServlet 'dispatcherServlet'
2026-08-15 10:27:26 INFO  o.s.web.servlet.DispatcherServlet - Initializing Servlet 'dispatcherServlet'
2026-08-15 10:27:26 INFO  o.s.web.servlet.DispatcherServlet - Completed initialization in 2 ms
2026-08-15 10:27:27 INFO  org.mongodb.driver.connection - Opened connection [connectionId{localValue:3, serverValue:69}] to localhost:27017
2026-08-15 10:31:40 INFO  com.journalApp.JournalAppApplication - Starting JournalAppApplication using Java 21.0.4 on SHAHID with PID 11956 (C:\Users\MD SHAHID ANSARI\IdeaProjects\journalApp\journalApp\target\classes started by MD SHAHID ANSARI in C:\Users\MD SHAHID ANSARI\IdeaProjects\journalApp)
2026-08-15 10:31:40 INFO  com.journalApp.JournalAppApplication - The following 1 profile is active: "dev"
2026-08-15 10:31:42 INFO  o.s.d.r.c.RepositoryConfigurationDelegate - Bootstrapping Spring Data MongoDB repositories in DEFAULT mode.
2026-08-15 10:31:42 INFO  o.s.d.r.c.RepositoryConfigurationDelegate - Finished Spring Data repository scanning in 94 ms. Found 2 MongoDB repository interfaces.
2026-08-15 10:31:43 INFO  o.s.b.w.e.tomcat.TomcatWebServer - Tomcat initialized with port(s): 8080 (http)
2026-08-15 10:31:43 INFO  o.a.coyote.http11.Http11NioProtocol - Initializing ProtocolHandler ["http-nio-8080"]
2026-08-15 10:31:43 INFO  o.a.catalina.core.StandardService - Starting service [Tomcat]
2026-08-15 10:31:43 INFO  o.a.catalina.core.StandardEngine - Starting Servlet engine: [Apache Tomcat/9.0.83]
2026-08-15 10:31:43 INFO  o.a.c.c.C.[Tomcat].[localhost].[/] - Initializing Spring embedded WebApplicationContext
2026-08-15 10:31:43 INFO  o.s.b.w.s.c.ServletWebServerApplicationContext - Root WebApplicationContext: initialization completed in 2161 ms
2026-08-15 10:31:43 INFO  org.mongodb.driver.client - MongoClient with metadata {"driver": {"name": "mongo-java-driver|sync|spring-boot", "version": "4.6.1"}, "os": {"type": "Windows", "name": "Windows 11", "architecture": "amd64", "version": "10.0"}, "platform": "Java/Oracle Corporation/21.0.4+8-LTS-274"} created with settings MongoClientSettings{readPreference=primary, writeConcern=WriteConcern{w=null, wTimeout=null ms, journal=null}, retryWrites=true, retryReads=true, readConcern=ReadConcern{level=null}, credential=null, streamFactoryFactory=null, commandListeners=[], codecRegistry=ProvidersCodecRegistry{codecProviders=[ValueCodecProvider{}, BsonValueCodecProvider{}, DBRefCodecProvider{}, DBObjectCodecProvider{}, DocumentCodecProvider{}, IterableCodecProvider{}, MapCodecProvider{}, GeoJsonCodecProvider{}, GridFSFileCodecProvider{}, Jsr310CodecProvider{}, JsonObjectCodecProvider{}, BsonCodecProvider{}, EnumCodecProvider{}, com.mongodb.Jep395RecordCodecProvider@1f95881a]}, clusterSettings={hosts=[localhost:27017], srvServiceName=mongodb, mode=SINGLE, requiredClusterType=UNKNOWN, requiredReplicaSetName='null', serverSelector='null', clusterListeners='[]', serverSelectionTimeout='30000 ms', localThreshold='30000 ms'}, socketSettings=SocketSettings{connectTimeoutMS=10000, readTimeoutMS=0, receiveBufferSize=0, sendBufferSize=0}, heartbeatSocketSettings=SocketSettings{connectTimeoutMS=10000, readTimeoutMS=10000, receiveBufferSize=0, sendBufferSize=0}, connectionPoolSettings=ConnectionPoolSettings{maxSize=100, minSize=0, maxWaitTimeMS=120000, maxConnectionLifeTimeMS=0, maxConnectionIdleTimeMS=0, maintenanceInitialDelayMS=0, maintenanceFrequencyMS=60000, connectionPoolListeners=[], maxConnecting=2}, serverSettings=ServerSettings{heartbeatFrequencyMS=10000, minHeartbeatFrequencyMS=500, serverListeners='[]', serverMonitorListeners='[]'}, sslSettings=SslSettings{enabled=false, invalidHostNameAllowed=false, context=null}, applicationName='null', compressorList=[], uuidRepresentation=JAVA_LEGACY, serverApi=null, autoEncryptionSettings=null, contextProvider=null}
2026-08-15 10:31:43 INFO  org.mongodb.driver.connection - Opened connection [connectionId{localValue:2, serverValue:70}] to localhost:27017
2026-08-15 10:31:43 INFO  org.mongodb.driver.connection - Opened connection [connectionId{localValue:1, serverValue:71}] to localhost:27017
2026-08-15 10:31:43 INFO  org.mongodb.driver.cluster - Monitor thread successfully connected to server with description ServerDescription{address=localhost:27017, type=STANDALONE, state=CONNECTED, ok=true, minWireVersion=0, maxWireVersion=25, maxDocumentSize=16777216, logicalSessionTimeoutMinutes=30, roundTripTimeNanos=37045600}
2026-08-15 10:31:44 INFO  o.s.s.web.DefaultSecurityFilterChain - Will secure any request with [org.springframework.security.web.session.DisableEncodeUrlFilter@1be52861, org.springframework.security.web.context.request.async.WebAsyncManagerIntegrationFilter@5fb5ad40, org.springframework.security.web.context.SecurityContextPersistenceFilter@ceb7701, org.springframework.security.web.header.HeaderWriterFilter@78d92eef, org.springframework.security.web.authentication.logout.LogoutFilter@6c2a95d5, org.springframework.security.web.authentication.www.BasicAuthenticationFilter@798cf6d2, org.springframework.security.web.savedrequest.RequestCacheAwareFilter@106c988, org.springframework.security.web.servletapi.SecurityContextHolderAwareRequestFilter@4d4c1ba9, org.springframework.security.web.authentication.AnonymousAuthenticationFilter@615439f7, org.springframework.security.web.session.SessionManagementFilter@55a0f011, org.springframework.security.web.access.ExceptionTranslationFilter@34c76167, org.springframework.security.web.access.intercept.FilterSecurityInterceptor@6c07ad6b]
2026-08-15 10:31:44 INFO  o.a.coyote.http11.Http11NioProtocol - Starting ProtocolHandler ["http-nio-8080"]
2026-08-15 10:31:44 INFO  o.s.b.w.e.tomcat.TomcatWebServer - Tomcat started on port(s): 8080 (http) with context path ''
2026-08-15 10:31:44 INFO  com.journalApp.JournalAppApplication - Started JournalAppApplication in 4.536 seconds (JVM running for 5.53)
2026-08-15 10:31:56 INFO  o.a.c.c.C.[Tomcat].[localhost].[/] - Initializing Spring DispatcherServlet 'dispatcherServlet'
2026-08-15 10:31:56 INFO  o.s.web.servlet.DispatcherServlet - Initializing Servlet 'dispatcherServlet'
2026-08-15 10:31:56 INFO  o.s.web.servlet.DispatcherServlet - Completed initialization in 2 ms
2026-08-15 10:32:15 INFO  org.mongodb.driver.connection - Opened connection [connectionId{localValue:3, serverValue:72}] to localhost:27017
2026-08-15 10:39:18 INFO  com.journalApp.JournalAppApplication - Starting JournalAppApplication using Java 21.0.4 on SHAHID with PID 17140 (C:\Users\MD SHAHID ANSARI\IdeaProjects\journalApp\journalApp\target\classes started by MD SHAHID ANSARI in C:\Users\MD SHAHID ANSARI\IdeaProjects\journalApp)
2026-08-15 10:39:18 INFO  com.journalApp.JournalAppApplication - The following 1 profile is active: "dev"
2026-08-15 10:39:19 INFO  o.s.d.r.c.RepositoryConfigurationDelegate - Bootstrapping Spring Data MongoDB repositories in DEFAULT mode.
2026-08-15 10:39:19 INFO  o.s.d.r.c.RepositoryConfigurationDelegate - Finished Spring Data repository scanning in 88 ms. Found 2 MongoDB repository interfaces.
2026-08-15 10:39:20 INFO  o.s.b.w.e.tomcat.TomcatWebServer - Tomcat initialized with port(s): 8080 (http)
2026-08-15 10:39:20 INFO  o.a.coyote.http11.Http11NioProtocol - Initializing ProtocolHandler ["http-nio-8080"]
2026-08-15 10:39:20 INFO  o.a.catalina.core.StandardService - Starting service [Tomcat]
2026-08-15 10:39:20 INFO  o.a.catalina.core.StandardEngine - Starting Servlet engine: [Apache Tomcat/9.0.83]
2026-08-15 10:39:20 INFO  o.a.c.c.C.[Tomcat].[localhost].[/] - Initializing Spring embedded WebApplicationContext
2026-08-15 10:39:20 INFO  o.s.b.w.s.c.ServletWebServerApplicationContext - Root WebApplicationContext: initialization completed in 1946 ms
2026-08-15 10:39:21 INFO  org.mongodb.driver.client - MongoClient with metadata {"driver": {"name": "mongo-java-driver|sync|spring-boot", "version": "4.6.1"}, "os": {"type": "Windows", "name": "Windows 11", "architecture": "amd64", "version": "10.0"}, "platform": "Java/Oracle Corporation/21.0.4+8-LTS-274"} created with settings MongoClientSettings{readPreference=primary, writeConcern=WriteConcern{w=null, wTimeout=null ms, journal=null}, retryWrites=true, retryReads=true, readConcern=ReadConcern{level=null}, credential=null, streamFactoryFactory=null, commandListeners=[], codecRegistry=ProvidersCodecRegistry{codecProviders=[ValueCodecProvider{}, BsonValueCodecProvider{}, DBRefCodecProvider{}, DBObjectCodecProvider{}, DocumentCodecProvider{}, IterableCodecProvider{}, MapCodecProvider{}, GeoJsonCodecProvider{}, GridFSFileCodecProvider{}, Jsr310CodecProvider{}, JsonObjectCodecProvider{}, BsonCodecProvider{}, EnumCodecProvider{}, com.mongodb.Jep395RecordCodecProvider@6c8f60f3]}, clusterSettings={hosts=[localhost:27017], srvServiceName=mongodb, mode=SINGLE, requiredClusterType=UNKNOWN, requiredReplicaSetName='null', serverSelector='null', clusterListeners='[]', serverSelectionTimeout='30000 ms', localThreshold='30000 ms'}, socketSettings=SocketSettings{connectTimeoutMS=10000, readTimeoutMS=0, receiveBufferSize=0, sendBufferSize=0}, heartbeatSocketSettings=SocketSettings{connectTimeoutMS=10000, readTimeoutMS=10000, receiveBufferSize=0, sendBufferSize=0}, connectionPoolSettings=ConnectionPoolSettings{maxSize=100, minSize=0, maxWaitTimeMS=120000, maxConnectionLifeTimeMS=0, maxConnectionIdleTimeMS=0, maintenanceInitialDelayMS=0, maintenanceFrequencyMS=60000, connectionPoolListeners=[], maxConnecting=2}, serverSettings=ServerSettings{heartbeatFrequencyMS=10000, minHeartbeatFrequencyMS=500, serverListeners='[]', serverMonitorListeners='[]'}, sslSettings=SslSettings{enabled=false, invalidHostNameAllowed=false, context=null}, applicationName='null', compressorList=[], uuidRepresentation=JAVA_LEGACY, serverApi=null, autoEncryptionSettings=null, contextProvider=null}
2026-08-15 10:39:21 INFO  org.mongodb.driver.connection - Opened connection [connectionId{localValue:1, serverValue:74}] to localhost:27017
2026-08-15 10:39:21 INFO  org.mongodb.driver.connection - Opened connection [connectionId{localValue:2, serverValue:73}] to localhost:27017
2026-08-15 10:39:21 INFO  org.mongodb.driver.cluster - Monitor thread successfully connected to server with description ServerDescription{address=localhost:27017, type=STANDALONE, state=CONNECTED, ok=true, minWireVersion=0, maxWireVersion=25, maxDocumentSize=16777216, logicalSessionTimeoutMinutes=30, roundTripTimeNanos=45265400}
2026-08-15 10:39:22 INFO  o.s.s.web.DefaultSecurityFilterChain - Will secure any request with [org.springframework.security.web.session.DisableEncodeUrlFilter@77c66a4f, org.springframework.security.web.context.request.async.WebAsyncManagerIntegrationFilter@649b5891, org.springframework.security.web.context.SecurityContextPersistenceFilter@55a0f011, org.springframework.security.web.header.HeaderWriterFilter@559991f5, org.springframework.security.web.authentication.logout.LogoutFilter@226d5af0, org.springframework.security.web.authentication.www.BasicAuthenticationFilter@7ac5b4c, org.springframework.security.web.savedrequest.RequestCacheAwareFilter@39133244, org.springframework.security.web.servletapi.SecurityContextHolderAwareRequestFilter@76a362a4, org.springframework.security.web.authentication.AnonymousAuthenticationFilter@7a3f08b6, org.springframework.security.web.session.SessionManagementFilter@27e199ce, org.springframework.security.web.access.ExceptionTranslationFilter@48499739, org.springframework.security.web.access.intercept.FilterSecurityInterceptor@20bb85b4]
2026-08-15 10:39:22 INFO  o.a.coyote.http11.Http11NioProtocol - Starting ProtocolHandler ["http-nio-8080"]
2026-08-15 10:39:22 INFO  o.s.b.w.e.tomcat.TomcatWebServer - Tomcat started on port(s): 8080 (http) with context path ''
2026-08-15 10:39:22 INFO  com.journalApp.JournalAppApplication - Started JournalAppApplication in 4.519 seconds (JVM running for 5.653)
2026-08-15 10:39:29 INFO  o.a.c.c.C.[Tomcat].[localhost].[/] - Initializing Spring DispatcherServlet 'dispatcherServlet'
2026-08-15 10:39:29 INFO  o.s.web.servlet.DispatcherServlet - Initializing Servlet 'dispatcherServlet'
2026-08-15 10:39:29 INFO  o.s.web.servlet.DispatcherServlet - Completed initialization in 2 ms
2026-08-15 10:40:45 INFO  org.mongodb.driver.connection - Opened connection [connectionId{localValue:3, serverValue:75}] to localhost:27017
2026-08-15 10:43:08 INFO  com.journalApp.JournalAppApplication - Starting JournalAppApplication using Java 21.0.4 on SHAHID with PID 12384 (C:\Users\MD SHAHID ANSARI\IdeaProjects\journalApp\journalApp\target\classes started by MD SHAHID ANSARI in C:\Users\MD SHAHID ANSARI\IdeaProjects\journalApp)
2026-08-15 10:43:08 INFO  com.journalApp.JournalAppApplication - The following 1 profile is active: "dev"
2026-08-15 10:43:12 INFO  o.s.d.r.c.RepositoryConfigurationDelegate - Bootstrapping Spring Data MongoDB repositories in DEFAULT mode.
2026-08-15 10:43:12 INFO  o.s.d.r.c.RepositoryConfigurationDelegate - Finished Spring Data repository scanning in 189 ms. Found 2 MongoDB repository interfaces.
2026-08-15 10:43:14 INFO  o.s.b.w.e.tomcat.TomcatWebServer - Tomcat initialized with port(s): 8080 (http)
2026-08-15 10:43:14 INFO  o.a.coyote.http11.Http11NioProtocol - Initializing ProtocolHandler ["http-nio-8080"]
2026-08-15 10:43:14 INFO  o.a.catalina.core.StandardService - Starting service [Tomcat]
2026-08-15 10:43:14 INFO  o.a.catalina.core.StandardEngine - Starting Servlet engine: [Apache Tomcat/9.0.83]
2026-08-15 10:43:14 INFO  o.a.c.c.C.[Tomcat].[localhost].[/] - Initializing Spring embedded WebApplicationContext
2026-08-15 10:43:14 INFO  o.s.b.w.s.c.ServletWebServerApplicationContext - Root WebApplicationContext: initialization completed in 5646 ms
2026-08-15 10:43:15 INFO  org.mongodb.driver.client - MongoClient with metadata {"driver": {"name": "mongo-java-driver|sync|spring-boot", "version": "4.6.1"}, "os": {"type": "Windows", "name": "Windows 11", "architecture": "amd64", "version": "10.0"}, "platform": "Java/Oracle Corporation/21.0.4+8-LTS-274"} created with settings MongoClientSettings{readPreference=primary, writeConcern=WriteConcern{w=null, wTimeout=null ms, journal=null}, retryWrites=true, retryReads=true, readConcern=ReadConcern{level=null}, credential=null, streamFactoryFactory=null, commandListeners=[], codecRegistry=ProvidersCodecRegistry{codecProviders=[ValueCodecProvider{}, BsonValueCodecProvider{}, DBRefCodecProvider{}, DBObjectCodecProvider{}, DocumentCodecProvider{}, IterableCodecProvider{}, MapCodecProvider{}, GeoJsonCodecProvider{}, GridFSFileCodecProvider{}, Jsr310CodecProvider{}, JsonObjectCodecProvider{}, BsonCodecProvider{}, EnumCodecProvider{}, com.mongodb.Jep395RecordCodecProvider@1f95881a]}, clusterSettings={hosts=[localhost:27017], srvServiceName=mongodb, mode=SINGLE, requiredClusterType=UNKNOWN, requiredReplicaSetName='null', serverSelector='null', clusterListeners='[]', serverSelectionTimeout='30000 ms', localThreshold='30000 ms'}, socketSettings=SocketSettings{connectTimeoutMS=10000, readTimeoutMS=0, receiveBufferSize=0, sendBufferSize=0}, heartbeatSocketSettings=SocketSettings{connectTimeoutMS=10000, readTimeoutMS=10000, receiveBufferSize=0, sendBufferSize=0}, connectionPoolSettings=ConnectionPoolSettings{maxSize=100, minSize=0, maxWaitTimeMS=120000, maxConnectionLifeTimeMS=0, maxConnectionIdleTimeMS=0, maintenanceInitialDelayMS=0, maintenanceFrequencyMS=60000, connectionPoolListeners=[], maxConnecting=2}, serverSettings=ServerSettings{heartbeatFrequencyMS=10000, minHeartbeatFrequencyMS=500, serverListeners='[]', serverMonitorListeners='[]'}, sslSettings=SslSettings{enabled=false, invalidHostNameAllowed=false, context=null}, applicationName='null', compressorList=[], uuidRepresentation=JAVA_LEGACY, serverApi=null, autoEncryptionSettings=null, contextProvider=null}
2026-08-15 10:43:15 INFO  org.mongodb.driver.connection - Opened connection [connectionId{localValue:2, serverValue:76}] to localhost:27017
2026-08-15 10:43:15 INFO  org.mongodb.driver.connection - Opened connection [connectionId{localValue:1, serverValue:77}] to localhost:27017
2026-08-15 10:43:15 INFO  org.mongodb.driver.cluster - Monitor thread successfully connected to server with description ServerDescription{address=localhost:27017, type=STANDALONE, state=CONNECTED, ok=true, minWireVersion=0, maxWireVersion=25, maxDocumentSize=16777216, logicalSessionTimeoutMinutes=30, roundTripTimeNanos=70489000}
2026-08-15 10:43:16 INFO  o.s.s.web.DefaultSecurityFilterChain - Will secure any request with [org.springframework.security.web.session.DisableEncodeUrlFilter@67d8faec, org.springframework.security.web.context.request.async.WebAsyncManagerIntegrationFilter@751d7425, org.springframework.security.web.context.SecurityContextPersistenceFilter@4d4c1ba9, org.springframework.security.web.header.HeaderWriterFilter@454bcbbf, org.springframework.security.web.authentication.logout.LogoutFilter@2ce524d2, org.springframework.security.web.authentication.www.BasicAuthenticationFilter@615439f7, org.springframework.security.web.savedrequest.RequestCacheAwareFilter@115c946b, org.springframework.security.web.servletapi.SecurityContextHolderAwareRequestFilter@147cc940, org.springframework.security.web.authentication.AnonymousAuthenticationFilter@7eaa2bc6, org.springframework.security.web.session.SessionManagementFilter@76a362a4, org.springframework.security.web.access.ExceptionTranslationFilter@20256a0b, org.springframework.security.web.access.intercept.FilterSecurityInterceptor@4c635edc]
2026-08-15 10:43:17 INFO  o.a.coyote.http11.Http11NioProtocol - Starting ProtocolHandler ["http-nio-8080"]
2026-08-15 10:43:17 INFO  o.s.b.w.e.tomcat.TomcatWebServer - Tomcat started on port(s): 8080 (http) with context path ''
2026-08-15 10:43:17 INFO  com.journalApp.JournalAppApplication - Started JournalAppApplication in 10.364 seconds (JVM running for 11.967)
2026-08-15 10:43:26 INFO  o.a.c.c.C.[Tomcat].[localhost].[/] - Initializing Spring DispatcherServlet 'dispatcherServlet'
2026-08-15 10:43:26 INFO  o.s.web.servlet.DispatcherServlet - Initializing Servlet 'dispatcherServlet'
2026-08-15 10:43:26 INFO  o.s.web.servlet.DispatcherServlet - Completed initialization in 2 ms
2026-08-15 10:43:27 INFO  org.mongodb.driver.connection - Opened connection [connectionId{localValue:3, serverValue:78}] to localhost:27017
